#
# A fatal error has been detected by the Java Runtime Environment:
#
#  EXCEPTION_ACCESS_VIOLATION (0xc0000005) at pc=0x00007ffa33f7e74a, pid=5936, tid=14572
#
# JRE version: OpenJDK Runtime Environment (14.0.2+12) (build 14.0.2+12-46)
# Java VM: OpenJDK 64-Bit Server VM (14.0.2+12-46, mixed mode, tiered, compressed oops, g1 gc, windows-amd64)
# Problematic frame:
# V  [jvm.dll+0xfe74a]
#
# No core dump will be written. Minidumps are not enabled by default on client versions of Windows
#
# If you would like to submit a bug report, please visit:
#   https://bugreport.java.com/bugreport/crash.jsp
#

---------------  S U M M A R Y ------------

Command Line: C:\Users\rakesh\Documents\sun.CNCv3\target\surefire\surefirebooter4204937726259465951.jar C:\Users\rakesh\Documents\sun.CNCv3\target\surefire\surefire7609307734501856320tmp C:\Users\rakesh\Documents\sun.CNCv3\target\surefire\surefire_013913870972880275084tmp

Host: Intel(R) Core(TM) i5-5300U CPU @ 2.30GHz, 4 cores, 7G,  Windows 10 , 64 bit Build 19041 (10.0.19041.546)
Time: Thu Nov  5 12:01:18 2020 India Standard Time elapsed time: 177 seconds (0d 0h 2m 57s)

---------------  T H R E A D  ---------------

Current thread (0x0000024cc27e4000):  JavaThread "C1 CompilerThread0" daemon [_thread_in_native, id=14572, stack(0x000000c161f00000,0x000000c162000000)]


Current CompileTask:
C1: 177613 3118       3       okhttp3.internal.Util::checkOffsetAndCount (33 bytes)

Stack: [0x000000c161f00000,0x000000c162000000],  sp=0x000000c161ffea68,  free space=1018k
Native frames: (J=compiled Java code, j=interpreted, Vv=VM code, C=native code)
V  [jvm.dll+0xfe74a]
V  [jvm.dll+0x174d5d]
V  [jvm.dll+0x1170c1]
V  [jvm.dll+0x117340]
V  [jvm.dll+0x1175ff]
V  [jvm.dll+0x116884]
V  [jvm.dll+0x1187d7]
V  [jvm.dll+0x1f4105]
V  [jvm.dll+0x1f22eb]
V  [jvm.dll+0x7070cd]
V  [jvm.dll+0x6ffeda]
V  [jvm.dll+0x5f78f6]
C  [ucrtbase.dll+0x214c2]
C  [KERNEL32.DLL+0x17034]
C  [ntdll.dll+0x4cec1]


siginfo: EXCEPTION_ACCESS_VIOLATION (0xc0000005), reading address 0x0000000000000000


Register to memory mapping:

RIP=0x00007ffa33f7e74a jvm.dll
RAX=0x0000024cc3071400 points into unknown readable memory: 80 14 07 c3 4c 02 00 00
RBX=0x0 is NULL
RCX=0x0000000000000026 is an unknown value
RDX=0x0000024cc3f419a8 points into unknown readable memory: 00 00 00 00 00 00 00 00
RSP=0x000000c161ffea68 is pointing into the stack for thread: 0x0000024cc27e4000
RBP=0x000000c161ffeb09 is pointing into the stack for thread: 0x0000024cc27e4000
RSI=0x0 is NULL
RDI=0x0000024cc2fd98d8 points into unknown readable memory: 50 99 fd c2 4c 02 00 00
R8 =0x0 is NULL
R9 =0x0 is NULL
R10=0x0 is NULL
R11=0x0000024cc2fd9950 points into unknown readable memory: 00 00 00 00 00 00 00 00
R12=0x0000000000000003 is an unknown value
R13=0x000000c161ffeba0 is pointing into the stack for thread: 0x0000024cc27e4000
R14=0x0000024cc2fd9800 points into unknown readable memory: 03 00 00 00 00 00 00 00
R15=0x0000024cc306d6e0 points into unknown readable memory: 20 11 6a 34 fa 7f 00 00


Registers:
RAX=0x0000024cc3071400, RBX=0x0000000000000000, RCX=0x0000000000000026, RDX=0x0000024cc3f419a8
RSP=0x000000c161ffea68, RBP=0x000000c161ffeb09, RSI=0x0000000000000000, RDI=0x0000024cc2fd98d8
R8 =0x0000000000000000, R9 =0x0000000000000000, R10=0x0000000000000000, R11=0x0000024cc2fd9950
R12=0x0000000000000003, R13=0x000000c161ffeba0, R14=0x0000024cc2fd9800, R15=0x0000024cc306d6e0
RIP=0x00007ffa33f7e74a, EFLAGS=0x0000000000010202

Top of Stack: (sp=0x000000c161ffea68)
0x000000c161ffea68:   00007ffa33ff4d5d 0000000000000001
0x000000c161ffea78:   0000024cc2fd98b0 0000024cc2fd98b0
0x000000c161ffea88:   0000024cc2fd98b0 0000024cc27e6fc8
0x000000c161ffea98:   0000000000000004 0000000000000005
0x000000c161ffeaa8:   0000024cc30713b0 0000024cc306ceb0
0x000000c161ffeab8:   0000000a0000000a 0000000000000000
0x000000c161ffeac8:   0000024c00000008 00007ffa346a7e70
0x000000c161ffead8:   000000c161ffeba0 0000000800000000
0x000000c161ffeae8:   0000000000000000 0000024c00000008
0x000000c161ffeaf8:   0000024cc3071440 0000000000000000
0x000000c161ffeb08:   0000000000000000 0000000000000000
0x000000c161ffeb18:   0000000000000000 000078442b44ae78
0x000000c161ffeb28:   00007ffa33f96bfd 0000000000000000
0x000000c161ffeb38:   0000000000000000 000000c161ffee80
0x000000c161ffeb48:   0000024cc2e7d960 0000000000000000
0x000000c161ffeb58:   00007ffa3483eea0 000000c161ffebe9 

Instructions: (pc=0x00007ffa33f7e74a)
0x00007ffa33f7e64a:   09 14 f8 48 8b 5c 24 08 48 8b 74 24 10 48 8b 7c
0x00007ffa33f7e65a:   24 18 c3 cc cc cc 48 89 5c 24 08 48 89 7c 24 10
0x00007ffa33f7e66a:   4c 8b 49 08 45 33 c0 4c 8b 19 48 8b f9 48 8b 1a
0x00007ffa33f7e67a:   49 c1 e9 06 4d 85 c9 0f 84 bb 00 00 00 49 83 f9
0x00007ffa33f7e68a:   08 0f 82 8b 00 00 00 48 8d 43 f8 4a 8d 04 c8 49
0x00007ffa33f7e69a:   8d 4b f8 4a 8d 0c c9 4c 3b d8 77 05 48 3b cb 73
0x00007ffa33f7e6aa:   71 49 8b d1 48 83 e2 f8 48 8b cb 49 8d 43 10 49
0x00007ffa33f7e6ba:   2b cb 0f 1f 40 00 f3 0f 6f 40 f0 49 83 c0 08 f3
0x00007ffa33f7e6ca:   0f 6f 4c 01 f0 f3 0f 6f 14 01 48 8d 40 40 66 0f
0x00007ffa33f7e6da:   eb c8 f3 0f 7f 48 b0 f3 0f 6f 40 c0 f3 0f 6f 4c
0x00007ffa33f7e6ea:   01 d0 66 0f eb d0 f3 0f 7f 50 c0 f3 0f 6f 40 d0
0x00007ffa33f7e6fa:   66 0f eb c8 f3 0f 7f 48 d0 f3 0f 6f 40 e0 f3 0f
0x00007ffa33f7e70a:   6f 4c 01 e0 66 0f eb c8 f3 0f 7f 48 e0 4c 3b c2
0x00007ffa33f7e71a:   72 a4 4d 3b c1 73 21 4c 8b d3 4b 8d 04 c3 4d 2b
0x00007ffa33f7e72a:   d3 49 8b d1 49 2b d0 4a 8b 0c 10 48 09 08 48 8d
0x00007ffa33f7e73a:   40 08 48 83 ea 01 75 ef 8b 4f 08 83 e1 3f 76 25
0x00007ffa33f7e74a:   4a 8b 04 cb 41 b8 01 00 00 00 4b 0b 04 cb 49 d3
0x00007ffa33f7e75a:   e0 49 ff c8 49 23 c0 49 f7 d0 4f 23 04 cb 49 0b
0x00007ffa33f7e76a:   c0 4b 89 04 cb 48 8b 5c 24 08 48 8b 7c 24 10 c3
0x00007ffa33f7e77a:   cc cc cc cc cc cc 48 89 5c 24 08 48 89 74 24 10
0x00007ffa33f7e78a:   48 89 7c 24 18 48 8b 39 48 8b d9 48 8b 49 08 45
0x00007ffa33f7e79a:   32 c0 48 8b 32 4c 8b d9 49 c1 eb 06 4d 85 db 74
0x00007ffa33f7e7aa:   3d 4c 8b d6 48 8b c7 4c 2b d7 4d 8b cb 66 0f 1f
0x00007ffa33f7e7ba:   84 00 00 00 00 00 48 8b 10 49 8b 0c 02 48 0b ca
0x00007ffa33f7e7ca:   45 84 c0 75 05 48 3b ca 74 03 41 b0 01 48 89 08
0x00007ffa33f7e7da:   48 83 c0 08 49 83 e9 01 75 dc 48 8b 4b 08 83 e1
0x00007ffa33f7e7ea:   3f 76 58 4a 8b 14 df b8 01 00 00 00 48 d3 e0 4a
0x00007ffa33f7e7fa:   8b 0c de 48 ff c8 48 0b ca 48 23 c8 48 f7 d0 48
0x00007ffa33f7e80a:   23 c2 48 0b c8 45 84 c0 75 1b 48 3b ca 75 16 32
0x00007ffa33f7e81a:   c0 4a 89 0c df 48 8b 5c 24 08 48 8b 74 24 10 48
0x00007ffa33f7e82a:   8b 7c 24 18 c3 b0 01 4a 89 0c df 48 8b 5c 24 08
0x00007ffa33f7e83a:   48 8b 74 24 10 48 8b 7c 24 18 c3 48 8b 5c 24 08 


Stack slot to memory mapping:
stack at sp + 0 slots: 0x00007ffa33ff4d5d jvm.dll
stack at sp + 1 slots: 0x0000000000000001 is an unknown value
stack at sp + 2 slots: 0x0000024cc2fd98b0 points into unknown readable memory: 04 00 00 00 00 00 00 00
stack at sp + 3 slots: 0x0000024cc2fd98b0 points into unknown readable memory: 04 00 00 00 00 00 00 00
stack at sp + 4 slots: 0x0000024cc2fd98b0 points into unknown readable memory: 04 00 00 00 00 00 00 00
stack at sp + 5 slots: 0x0000024cc27e6fc8 points into unknown readable memory: 00 40 7e c2 4c 02 00 00
stack at sp + 6 slots: 0x0000000000000004 is an unknown value
stack at sp + 7 slots: 0x0000000000000005 is an unknown value


---------------  P R O C E S S  ---------------

Threads class SMR info:
_java_thread_list=0x0000024cc3cc0330, length=18, elements={
0x0000024ca8287000, 0x0000024cc1fa8800, 0x0000024cc1faa000, 0x0000024cc27fa800,
0x0000024cc27fd800, 0x0000024cc1fb2000, 0x0000024cc27e2800, 0x0000024cc27e4000,
0x0000024cc1fb9000, 0x0000024cc296c800, 0x0000024cc298c800, 0x0000024cc3e04800,
0x0000024cc5838000, 0x0000024cc3e8a000, 0x0000024cc2e42800, 0x0000024cc3cdf000,
0x0000024cc3bf8000, 0x0000024cc467c800
}

Java Threads: ( => current thread )
  0x0000024ca8287000 JavaThread "Forwarding maximizeCurrentWindow on session 10e8f9da90b3a08e134dd694e0446854 to remote" [_thread_in_native, id=10140, stack(0x000000c161200000,0x000000c161300000)]
  0x0000024cc1fa8800 JavaThread "Reference Handler" daemon [_thread_blocked, id=19572, stack(0x000000c161900000,0x000000c161a00000)]
  0x0000024cc1faa000 JavaThread "Finalizer" daemon [_thread_blocked, id=8524, stack(0x000000c161a00000,0x000000c161b00000)]
  0x0000024cc27fa800 JavaThread "Signal Dispatcher" daemon [_thread_blocked, id=13048, stack(0x000000c161b00000,0x000000c161c00000)]
  0x0000024cc27fd800 JavaThread "Attach Listener" daemon [_thread_blocked, id=19096, stack(0x000000c161c00000,0x000000c161d00000)]
  0x0000024cc1fb2000 JavaThread "Service Thread" daemon [_thread_blocked, id=16696, stack(0x000000c161d00000,0x000000c161e00000)]
  0x0000024cc27e2800 JavaThread "C2 CompilerThread0" daemon [_thread_blocked, id=21300, stack(0x000000c161e00000,0x000000c161f00000)]
=>0x0000024cc27e4000 JavaThread "C1 CompilerThread0" daemon [_thread_in_native, id=14572, stack(0x000000c161f00000,0x000000c162000000)]
  0x0000024cc1fb9000 JavaThread "Sweeper thread" daemon [_thread_blocked, id=1040, stack(0x000000c162000000,0x000000c162100000)]
  0x0000024cc296c800 JavaThread "Notification Thread" daemon [_thread_blocked, id=3732, stack(0x000000c162100000,0x000000c162200000)]
  0x0000024cc298c800 JavaThread "Common-Cleaner" daemon [_thread_blocked, id=16428, stack(0x000000c162300000,0x000000c162400000)]
  0x0000024cc3e04800 JavaThread "OkHttp ConnectionPool" daemon [_thread_blocked, id=4820, stack(0x000000c162e00000,0x000000c162f00000)]
  0x0000024cc5838000 JavaThread "Okio Watchdog" daemon [_thread_blocked, id=6608, stack(0x000000c162f00000,0x000000c163000000)]
  0x0000024cc3e8a000 JavaThread "UrlChecker-3" daemon [_thread_blocked, id=8048, stack(0x000000c160f00000,0x000000c161000000)]
  0x0000024cc2e42800 JavaThread "Keep-Alive-Timer" daemon [_thread_blocked, id=5712, stack(0x000000c161000000,0x000000c161100000)]
  0x0000024cc3cdf000 JavaThread "Exec Default Executor" daemon [_thread_in_native, id=4204, stack(0x000000c161100000,0x000000c161200000)]
  0x0000024cc3bf8000 JavaThread "Exec Stream Pumper" daemon [_thread_in_native, id=13400, stack(0x000000c162400000,0x000000c162500000)]
  0x0000024cc467c800 JavaThread "Exec Stream Pumper" daemon [_thread_in_native, id=8944, stack(0x000000c162900000,0x000000c162a00000)]

Other Threads:
  0x0000024cc1f94000 VMThread "VM Thread" [stack: 0x000000c161800000,0x000000c161900000] [id=16160]
  0x0000024cc296d800 WatcherThread [stack: 0x000000c162200000,0x000000c162300000] [id=4116]
  0x0000024ca82c8800 GCTaskThread "GC Thread#0" [stack: 0x000000c161300000,0x000000c161400000] [id=10708]
  0x0000024cc342d800 GCTaskThread "GC Thread#1" [stack: 0x000000c162500000,0x000000c162600000] [id=11704]
  0x0000024cc342e000 GCTaskThread "GC Thread#2" [stack: 0x000000c162600000,0x000000c162700000] [id=10900]
  0x0000024ca82da000 ConcurrentGCThread "G1 Main Marker" [stack: 0x000000c161400000,0x000000c161500000] [id=15080]
  0x0000024ca82dc800 ConcurrentGCThread "G1 Conc#0" [stack: 0x000000c161500000,0x000000c161600000] [id=11516]
  0x0000024ca836a000 ConcurrentGCThread "G1 Refine#0" [stack: 0x000000c161600000,0x000000c161700000] [id=10848]
  0x0000024cc2a28000 ConcurrentGCThread "G1 Refine#1" [stack: 0x000000c162700000,0x000000c162800000] [id=19892]
  0x0000024ca836b000 ConcurrentGCThread "G1 Young RemSet Sampling" [stack: 0x000000c161700000,0x000000c161800000] [id=4456]

Threads with active compile tasks:
C1 CompilerThread0   177701 3118       3       okhttp3.internal.Util::checkOffsetAndCount (33 bytes)

VM state:not at safepoint (normal execution)

VM Mutex/Monitor currently owned by a thread: None

Heap address: 0x0000000081c00000, size: 2020 MB, Compressed Oops mode: 32-bit
Narrow klass base: 0x0000000000000000, Narrow klass shift: 3
Compressed class space size: 1073741824 Address: 0x0000000100000000

Heap:
 garbage-first heap   total 81920K, used 37270K [0x0000000081c00000, 0x0000000100000000)
  region size 1024K, 30 young (30720K), 1 survivors (1024K)
 Metaspace       used 28569K, capacity 29179K, committed 29312K, reserved 1075200K
  class space    used 3161K, capacity 3377K, committed 3456K, reserved 1048576K
Heap Regions: E=young(eden), S=young(survivor), O=old, HS=humongous(starts), HC=humongous(continues), CS=collection set, F=free, OA=open archive, CA=closed archive, TAMS=top-at-mark-start (previous, next)
|   0|0x0000000081c00000, 0x0000000081d00000, 0x0000000081d00000|100%| O|  |TAMS 0x0000000081d00000, 0x0000000081c00000| Untracked 
|   1|0x0000000081d00000, 0x0000000081e00000, 0x0000000081e00000|100%| O|  |TAMS 0x0000000081e00000, 0x0000000081d00000| Untracked 
|   2|0x0000000081e00000, 0x0000000081f00000, 0x0000000081f00000|100%| O|  |TAMS 0x0000000081f00000, 0x0000000081e00000| Untracked 
|   3|0x0000000081f00000, 0x0000000081fed400, 0x0000000082000000| 92%| O|  |TAMS 0x0000000081fed400, 0x0000000081f00000| Untracked 
|   4|0x0000000082000000, 0x0000000082100000, 0x0000000082100000|100%| O|  |TAMS 0x0000000082000000, 0x0000000082000000| Untracked 
|   5|0x0000000082100000, 0x0000000082200000, 0x0000000082200000|100%| O|  |TAMS 0x0000000082100000, 0x0000000082100000| Untracked 
|   6|0x0000000082200000, 0x0000000082300000, 0x0000000082300000|100%| O|  |TAMS 0x0000000082200000, 0x0000000082200000| Untracked 
|   7|0x0000000082300000, 0x000000008238d800, 0x0000000082400000| 55%| O|  |TAMS 0x0000000082300000, 0x0000000082300000| Untracked 
|   8|0x0000000082400000, 0x0000000082400000, 0x0000000082500000|  0%| F|  |TAMS 0x0000000082400000, 0x0000000082400000| Untracked 
|   9|0x0000000082500000, 0x0000000082500000, 0x0000000082600000|  0%| F|  |TAMS 0x0000000082500000, 0x0000000082500000| Untracked 
|  10|0x0000000082600000, 0x0000000082600000, 0x0000000082700000|  0%| F|  |TAMS 0x0000000082600000, 0x0000000082600000| Untracked 
|  11|0x0000000082700000, 0x0000000082700000, 0x0000000082800000|  0%| F|  |TAMS 0x0000000082700000, 0x0000000082700000| Untracked 
|  12|0x0000000082800000, 0x0000000082800000, 0x0000000082900000|  0%| F|  |TAMS 0x0000000082800000, 0x0000000082800000| Untracked 
|  13|0x0000000082900000, 0x0000000082900000, 0x0000000082a00000|  0%| F|  |TAMS 0x0000000082900000, 0x0000000082900000| Untracked 
|  14|0x0000000082a00000, 0x0000000082aeaf00, 0x0000000082b00000| 91%| S|CS|TAMS 0x0000000082a00000, 0x0000000082a00000| Complete 
|  15|0x0000000082b00000, 0x0000000082b00000, 0x0000000082c00000|  0%| F|  |TAMS 0x0000000082b00000, 0x0000000082b00000| Untracked 
|  16|0x0000000082c00000, 0x0000000082c00000, 0x0000000082d00000|  0%| F|  |TAMS 0x0000000082c00000, 0x0000000082c00000| Untracked 
|  17|0x0000000082d00000, 0x0000000082d00000, 0x0000000082e00000|  0%| F|  |TAMS 0x0000000082d00000, 0x0000000082d00000| Untracked 
|  18|0x0000000082e00000, 0x0000000082e00000, 0x0000000082f00000|  0%| F|  |TAMS 0x0000000082e00000, 0x0000000082e00000| Untracked 
|  19|0x0000000082f00000, 0x0000000082f00000, 0x0000000083000000|  0%| F|  |TAMS 0x0000000082f00000, 0x0000000082f00000| Untracked 
|  20|0x0000000083000000, 0x0000000083000000, 0x0000000083100000|  0%| F|  |TAMS 0x0000000083000000, 0x0000000083000000| Untracked 
|  21|0x0000000083100000, 0x0000000083100000, 0x0000000083200000|  0%| F|  |TAMS 0x0000000083100000, 0x0000000083100000| Untracked 
|  22|0x0000000083200000, 0x0000000083200000, 0x0000000083300000|  0%| F|  |TAMS 0x0000000083200000, 0x0000000083200000| Untracked 
|  23|0x0000000083300000, 0x0000000083300000, 0x0000000083400000|  0%| F|  |TAMS 0x0000000083300000, 0x0000000083300000| Untracked 
|  24|0x0000000083400000, 0x0000000083400000, 0x0000000083500000|  0%| F|  |TAMS 0x0000000083400000, 0x0000000083400000| Untracked 
|  25|0x0000000083500000, 0x0000000083500000, 0x0000000083600000|  0%| F|  |TAMS 0x0000000083500000, 0x0000000083500000| Untracked 
|  26|0x0000000083600000, 0x0000000083600000, 0x0000000083700000|  0%| F|  |TAMS 0x0000000083600000, 0x0000000083600000| Untracked 
|  27|0x0000000083700000, 0x0000000083700000, 0x0000000083800000|  0%| F|  |TAMS 0x0000000083700000, 0x0000000083700000| Untracked 
|  28|0x0000000083800000, 0x0000000083800000, 0x0000000083900000|  0%| F|  |TAMS 0x0000000083800000, 0x0000000083800000| Untracked 
|  29|0x0000000083900000, 0x0000000083900000, 0x0000000083a00000|  0%| F|  |TAMS 0x0000000083900000, 0x0000000083900000| Untracked 
|  30|0x0000000083a00000, 0x0000000083a00000, 0x0000000083b00000|  0%| F|  |TAMS 0x0000000083a00000, 0x0000000083a00000| Untracked 
|  31|0x0000000083b00000, 0x0000000083b00000, 0x0000000083c00000|  0%| F|  |TAMS 0x0000000083b00000, 0x0000000083b00000| Untracked 
|  32|0x0000000083c00000, 0x0000000083c00000, 0x0000000083d00000|  0%| F|  |TAMS 0x0000000083c00000, 0x0000000083c00000| Untracked 
|  33|0x0000000083d00000, 0x0000000083d00000, 0x0000000083e00000|  0%| F|  |TAMS 0x0000000083d00000, 0x0000000083d00000| Untracked 
|  34|0x0000000083e00000, 0x0000000083e00000, 0x0000000083f00000|  0%| F|  |TAMS 0x0000000083e00000, 0x0000000083e00000| Untracked 
|  35|0x0000000083f00000, 0x0000000083f00000, 0x0000000084000000|  0%| F|  |TAMS 0x0000000083f00000, 0x0000000083f00000| Untracked 
|  36|0x0000000084000000, 0x0000000084000000, 0x0000000084100000|  0%| F|  |TAMS 0x0000000084000000, 0x0000000084000000| Untracked 
|  37|0x0000000084100000, 0x0000000084100000, 0x0000000084200000|  0%| F|  |TAMS 0x0000000084100000, 0x0000000084100000| Untracked 
|  38|0x0000000084200000, 0x0000000084200000, 0x0000000084300000|  0%| F|  |TAMS 0x0000000084200000, 0x0000000084200000| Untracked 
|  39|0x0000000084300000, 0x0000000084300000, 0x0000000084400000|  0%| F|  |TAMS 0x0000000084300000, 0x0000000084300000| Untracked 
|  40|0x0000000084400000, 0x0000000084400000, 0x0000000084500000|  0%| F|  |TAMS 0x0000000084400000, 0x0000000084400000| Untracked 
|  41|0x0000000084500000, 0x0000000084500000, 0x0000000084600000|  0%| F|  |TAMS 0x0000000084500000, 0x0000000084500000| Untracked 
|  42|0x0000000084600000, 0x0000000084600000, 0x0000000084700000|  0%| F|  |TAMS 0x0000000084600000, 0x0000000084600000| Untracked 
|  43|0x0000000084700000, 0x0000000084700000, 0x0000000084800000|  0%| F|  |TAMS 0x0000000084700000, 0x0000000084700000| Untracked 
|  44|0x0000000084800000, 0x0000000084800000, 0x0000000084900000|  0%| F|  |TAMS 0x0000000084800000, 0x0000000084800000| Untracked 
|  45|0x0000000084900000, 0x0000000084900000, 0x0000000084a00000|  0%| F|  |TAMS 0x0000000084900000, 0x0000000084900000| Untracked 
|  46|0x0000000084a00000, 0x0000000084a00000, 0x0000000084b00000|  0%| F|  |TAMS 0x0000000084a00000, 0x0000000084a00000| Untracked 
|  47|0x0000000084b00000, 0x0000000084b00000, 0x0000000084c00000|  0%| F|  |TAMS 0x0000000084b00000, 0x0000000084b00000| Untracked 
|  48|0x0000000084c00000, 0x0000000084c00000, 0x0000000084d00000|  0%| F|  |TAMS 0x0000000084c00000, 0x0000000084c00000| Untracked 
|  49|0x0000000084d00000, 0x0000000084d00000, 0x0000000084e00000|  0%| F|  |TAMS 0x0000000084d00000, 0x0000000084d00000| Untracked 
|  50|0x0000000084e00000, 0x0000000084e00000, 0x0000000084f00000|  0%| F|  |TAMS 0x0000000084e00000, 0x0000000084e00000| Untracked 
|  51|0x0000000084f00000, 0x0000000084f84010, 0x0000000085000000| 51%| E|  |TAMS 0x0000000084f00000, 0x0000000084f00000| Complete 
|  52|0x0000000085000000, 0x0000000085100000, 0x0000000085100000|100%| E|CS|TAMS 0x0000000085000000, 0x0000000085000000| Complete 
|  53|0x0000000085100000, 0x0000000085200000, 0x0000000085200000|100%| E|CS|TAMS 0x0000000085100000, 0x0000000085100000| Complete 
|  54|0x0000000085200000, 0x0000000085300000, 0x0000000085300000|100%| E|CS|TAMS 0x0000000085200000, 0x0000000085200000| Complete 
|  55|0x0000000085300000, 0x0000000085400000, 0x0000000085400000|100%| E|CS|TAMS 0x0000000085300000, 0x0000000085300000| Complete 
|  56|0x0000000085400000, 0x0000000085500000, 0x0000000085500000|100%| E|CS|TAMS 0x0000000085400000, 0x0000000085400000| Complete 
|  57|0x0000000085500000, 0x0000000085600000, 0x0000000085600000|100%| E|CS|TAMS 0x0000000085500000, 0x0000000085500000| Complete 
|  58|0x0000000085600000, 0x0000000085700000, 0x0000000085700000|100%| E|CS|TAMS 0x0000000085600000, 0x0000000085600000| Complete 
|  59|0x0000000085700000, 0x0000000085800000, 0x0000000085800000|100%| E|CS|TAMS 0x0000000085700000, 0x0000000085700000| Complete 
|  60|0x0000000085800000, 0x0000000085900000, 0x0000000085900000|100%| E|CS|TAMS 0x0000000085800000, 0x0000000085800000| Complete 
|  61|0x0000000085900000, 0x0000000085a00000, 0x0000000085a00000|100%| E|CS|TAMS 0x0000000085900000, 0x0000000085900000| Complete 
|  62|0x0000000085a00000, 0x0000000085b00000, 0x0000000085b00000|100%| E|CS|TAMS 0x0000000085a00000, 0x0000000085a00000| Complete 
|  63|0x0000000085b00000, 0x0000000085c00000, 0x0000000085c00000|100%| E|CS|TAMS 0x0000000085b00000, 0x0000000085b00000| Complete 
|  64|0x0000000085c00000, 0x0000000085d00000, 0x0000000085d00000|100%| E|CS|TAMS 0x0000000085c00000, 0x0000000085c00000| Complete 
|  65|0x0000000085d00000, 0x0000000085e00000, 0x0000000085e00000|100%| E|CS|TAMS 0x0000000085d00000, 0x0000000085d00000| Complete 
|  66|0x0000000085e00000, 0x0000000085f00000, 0x0000000085f00000|100%| E|CS|TAMS 0x0000000085e00000, 0x0000000085e00000| Complete 
|  67|0x0000000085f00000, 0x0000000086000000, 0x0000000086000000|100%| E|CS|TAMS 0x0000000085f00000, 0x0000000085f00000| Complete 
|  68|0x0000000086000000, 0x0000000086100000, 0x0000000086100000|100%| E|CS|TAMS 0x0000000086000000, 0x0000000086000000| Complete 
|  69|0x0000000086100000, 0x0000000086200000, 0x0000000086200000|100%| E|CS|TAMS 0x0000000086100000, 0x0000000086100000| Complete 
|  70|0x0000000086200000, 0x0000000086300000, 0x0000000086300000|100%| E|CS|TAMS 0x0000000086200000, 0x0000000086200000| Complete 
|  71|0x0000000086300000, 0x0000000086400000, 0x0000000086400000|100%| E|CS|TAMS 0x0000000086300000, 0x0000000086300000| Complete 
|  72|0x0000000086400000, 0x0000000086500000, 0x0000000086500000|100%| E|CS|TAMS 0x0000000086400000, 0x0000000086400000| Complete 
|  73|0x0000000086500000, 0x0000000086600000, 0x0000000086600000|100%| E|CS|TAMS 0x0000000086500000, 0x0000000086500000| Complete 
|  74|0x0000000086600000, 0x0000000086700000, 0x0000000086700000|100%| E|CS|TAMS 0x0000000086600000, 0x0000000086600000| Complete 
|  75|0x0000000086700000, 0x0000000086800000, 0x0000000086800000|100%| E|CS|TAMS 0x0000000086700000, 0x0000000086700000| Complete 
| 111|0x0000000088b00000, 0x0000000088c00000, 0x0000000088c00000|100%| E|CS|TAMS 0x0000000088b00000, 0x0000000088b00000| Complete 
| 112|0x0000000088c00000, 0x0000000088d00000, 0x0000000088d00000|100%| E|CS|TAMS 0x0000000088c00000, 0x0000000088c00000| Complete 
| 113|0x0000000088d00000, 0x0000000088e00000, 0x0000000088e00000|100%| E|CS|TAMS 0x0000000088d00000, 0x0000000088d00000| Complete 
| 127|0x0000000089b00000, 0x0000000089c00000, 0x0000000089c00000|100%| E|CS|TAMS 0x0000000089b00000, 0x0000000089b00000| Complete 

Card table byte_map: [0x0000024cbb360000,0x0000024cbb760000] _byte_map_base: 0x0000024cbaf52000

Marking Bits (Prev, Next): (CMBitMap*) 0x0000024ca82c96d8, (CMBitMap*) 0x0000024ca82c9698
 Prev Bits: [0x0000024cbdaf0000, 0x0000024cbfa80000)
 Next Bits: [0x0000024cbbb60000, 0x0000024cbdaf0000)

Polling page: 0x0000024ca6280000

Metaspace:

Usage:
  Non-class:     25.20 MB capacity,    24.81 MB ( 98%) used,   325.41 KB (  1%) free+waste,    68.75 KB ( <1%) overhead. 
      Class:      3.30 MB capacity,     3.09 MB ( 94%) used,   183.81 KB (  5%) free+waste,    31.38 KB ( <1%) overhead. 
       Both:     28.50 MB capacity,    27.90 MB ( 98%) used,   509.23 KB (  2%) free+waste,   100.13 KB ( <1%) overhead. 

Virtual space:
  Non-class space:       26.00 MB reserved,      25.25 MB ( 97%) committed 
      Class space:        1.00 GB reserved,       3.38 MB ( <1%) committed 
             Both:        1.03 GB reserved,      28.63 MB (  3%) committed 

Chunk freelists:
   Non-Class:  54.00 KB
       Class:  15.00 KB
        Both:  69.00 KB

MaxMetaspaceSize: 17179869184.00 GB
CompressedClassSpaceSize: 1.00 GB

CodeHeap 'non-profiled nmethods': size=120000Kb used=1243Kb max_used=1243Kb free=118756Kb
 bounds [0x0000024cb3a30000, 0x0000024cb3ca0000, 0x0000024cbaf60000]
CodeHeap 'profiled nmethods': size=120000Kb used=6054Kb max_used=6054Kb free=113945Kb
 bounds [0x0000024cac500000, 0x0000024cacaf0000, 0x0000024cb3a30000]
CodeHeap 'non-nmethods': size=5760Kb used=1266Kb max_used=1284Kb free=4493Kb
 bounds [0x0000024cabf60000, 0x0000024cac1d0000, 0x0000024cac500000]
 total_blobs=3658 nmethods=3117 adapters=453
 compilation: enabled
              stopped_count=0, restarted_count=0
 full_count=0

Compilation events (20 events):
Event: 174.514 Thread 0x0000024cc27e2800 nmethod 3106 0x0000024cb3b65810 code [0x0000024cb3b65ac0, 0x0000024cb3b660a0]
Event: 177.516 Thread 0x0000024cc27e2800 3109       4       java.util.HashMap::getNode (148 bytes)
Event: 177.517 Thread 0x0000024cc27e4000 3110       3       org.openqa.selenium.json.JsonTypeCoercer$$Lambda$149/0x00000001002ae440::accept (12 bytes)
Event: 177.519 Thread 0x0000024cc27e4000 nmethod 3110 0x0000024cacae6610 code [0x0000024cacae6820, 0x0000024cacae6fd8]
Event: 177.519 Thread 0x0000024cc27e4000 3112       3       java.lang.StackStreamFactory$FrameBuffer::isEmpty (32 bytes)
Event: 177.520 Thread 0x0000024cc27e4000 nmethod 3112 0x0000024cacae7210 code [0x0000024cacae73a0, 0x0000024cacae7578]
Event: 177.520 Thread 0x0000024cc27e4000 3116       3       com.google.common.collect.ImmutableCollection$Builder::addAll (25 bytes)
Event: 177.521 Thread 0x0000024cc27e4000 nmethod 3116 0x0000024cacae7610 code [0x0000024cacae77e0, 0x0000024cacae7be8]
Event: 177.521 Thread 0x0000024cc27e4000 3114       3       com.google.common.base.AbstractIterator::<init> (12 bytes)
Event: 177.521 Thread 0x0000024cc27e4000 nmethod 3114 0x0000024cacae7d10 code [0x0000024cacae7ec0, 0x0000024cacae8078]
Event: 177.521 Thread 0x0000024cc27e4000 3115       3       org.openqa.selenium.remote.http.AbstractHttpCommandCodec::defineCommand (18 bytes)
Event: 177.523 Thread 0x0000024cc27e4000 nmethod 3115 0x0000024cacae8110 code [0x0000024cacae8300, 0x0000024cacae86f8]
Event: 177.523 Thread 0x0000024cc27e4000 3117       3       com.google.common.collect.ImmutableList$Builder::<init> (6 bytes)
Event: 177.524 Thread 0x0000024cc27e4000 nmethod 3117 0x0000024cacae8910 code [0x0000024cacae8ae0, 0x0000024cacae8ea8]
Event: 177.524 Thread 0x0000024cc27e4000 3111       3       org.openqa.selenium.json.JsonTypeCoercer::lambda$new$2 (18 bytes)
Event: 177.526 Thread 0x0000024cc27e4000 nmethod 3111 0x0000024cacae9010 code [0x0000024cacae9200, 0x0000024cacae9758]
Event: 177.529 Thread 0x0000024cc27e2800 nmethod 3109 0x0000024cb3b66510 code [0x0000024cb3b666e0, 0x0000024cb3b66978]
Event: 177.529 Thread 0x0000024cc27e2800 3113       4       com.google.common.base.Splitter$1$1::separatorEnd (4 bytes)
Event: 177.530 Thread 0x0000024cc27e2800 nmethod 3113 0x0000024cb3b66b90 code [0x0000024cb3b66d00, 0x0000024cb3b66d78]
Event: 177.586 Thread 0x0000024cc27e4000 3118       3       okhttp3.internal.Util::checkOffsetAndCount (33 bytes)

GC Heap History (10 events):
Event: 0.706 GC heap before
{Heap before GC invocations=0 (full 0):
 garbage-first heap   total 131072K, used 13312K [0x0000000081c00000, 0x0000000100000000)
  region size 1024K, 13 young (13312K), 0 survivors (0K)
 Metaspace       used 13008K, capacity 13248K, committed 13440K, reserved 1060864K
  class space    used 1291K, capacity 1371K, committed 1408K, reserved 1048576K
}
Event: 0.711 GC heap after
{Heap after GC invocations=1 (full 0):
 garbage-first heap   total 131072K, used 4022K [0x0000000081c00000, 0x0000000100000000)
  region size 1024K, 2 young (2048K), 2 survivors (2048K)
 Metaspace       used 13008K, capacity 13248K, committed 13440K, reserved 1060864K
  class space    used 1291K, capacity 1371K, committed 1408K, reserved 1048576K
}
Event: 1.245 GC heap before
{Heap before GC invocations=1 (full 0):
 garbage-first heap   total 131072K, used 14262K [0x0000000081c00000, 0x0000000100000000)
  region size 1024K, 13 young (13312K), 2 survivors (2048K)
 Metaspace       used 17402K, capacity 17649K, committed 17792K, reserved 1064960K
  class space    used 1799K, capacity 1875K, committed 1920K, reserved 1048576K
}
Event: 1.249 GC heap after
{Heap after GC invocations=2 (full 0):
 garbage-first heap   total 131072K, used 5729K [0x0000000081c00000, 0x0000000100000000)
  region size 1024K, 2 young (2048K), 2 survivors (2048K)
 Metaspace       used 17402K, capacity 17649K, committed 17792K, reserved 1064960K
  class space    used 1799K, capacity 1875K, committed 1920K, reserved 1048576K
}
Event: 1.637 GC heap before
{Heap before GC invocations=2 (full 0):
 garbage-first heap   total 131072K, used 16993K [0x0000000081c00000, 0x0000000100000000)
  region size 1024K, 14 young (14336K), 2 survivors (2048K)
 Metaspace       used 20927K, capacity 21182K, committed 21248K, reserved 1069056K
  class space    used 2169K, capacity 2264K, committed 2304K, reserved 1048576K
}
Event: 1.641 GC heap after
{Heap after GC invocations=3 (full 0):
 garbage-first heap   total 131072K, used 6631K [0x0000000081c00000, 0x0000000100000000)
  region size 1024K, 3 young (3072K), 3 survivors (3072K)
 Metaspace       used 20927K, capacity 21182K, committed 21248K, reserved 1069056K
  class space    used 2169K, capacity 2264K, committed 2304K, reserved 1048576K
}
Event: 2.836 GC heap before
{Heap before GC invocations=4 (full 0):
 garbage-first heap   total 27648K, used 27111K [0x0000000081c00000, 0x0000000100000000)
  region size 1024K, 23 young (23552K), 3 survivors (3072K)
 Metaspace       used 25726K, capacity 26223K, committed 26368K, reserved 1073152K
  class space    used 2878K, capacity 3042K, committed 3072K, reserved 1048576K
}
Event: 2.844 GC heap after
{Heap after GC invocations=5 (full 0):
 garbage-first heap   total 31744K, used 8117K [0x0000000081c00000, 0x0000000100000000)
  region size 1024K, 4 young (4096K), 4 survivors (4096K)
 Metaspace       used 25726K, capacity 26223K, committed 26368K, reserved 1073152K
  class space    used 2878K, capacity 3042K, committed 3072K, reserved 1048576K
}
Event: 99.666 GC heap before
{Heap before GC invocations=5 (full 0):
 garbage-first heap   total 31744K, used 20405K [0x0000000081c00000, 0x0000000100000000)
  region size 1024K, 16 young (16384K), 4 survivors (4096K)
 Metaspace       used 28019K, capacity 28599K, committed 28800K, reserved 1075200K
  class space    used 3138K, capacity 3340K, committed 3456K, reserved 1048576K
}
Event: 99.675 GC heap after
{Heap after GC invocations=6 (full 0):
 garbage-first heap   total 81920K, used 8598K [0x0000000081c00000, 0x0000000100000000)
  region size 1024K, 1 young (1024K), 1 survivors (1024K)
 Metaspace       used 28019K, capacity 28599K, committed 28800K, reserved 1075200K
  class space    used 3138K, capacity 3340K, committed 3456K, reserved 1048576K
}

Deoptimization events (20 events):
Event: 2.759 Thread 0x0000024ca8287000 DEOPT PACKING pc=0x0000024cb3a8e854 sp=0x000000c1612fc0a0
Event: 2.759 Thread 0x0000024ca8287000 DEOPT UNPACKING pc=0x0000024cabfa912f sp=0x000000c1612fc050 mode 2
Event: 2.760 Thread 0x0000024ca8287000 Uncommon trap: trap_request=0xffffffde fr.pc=0x0000024cb3a8e854 relative=0x00000000000004b4
Event: 2.760 Thread 0x0000024ca8287000 Uncommon trap: reason=class_check action=maybe_recompile pc=0x0000024cb3a8e854 method=java.util.regex.Matcher.search(I)Z @ 121 c2
Event: 2.760 Thread 0x0000024ca8287000 DEOPT PACKING pc=0x0000024cb3a8e854 sp=0x000000c1612fbef0
Event: 2.760 Thread 0x0000024ca8287000 DEOPT UNPACKING pc=0x0000024cabfa912f sp=0x000000c1612fbea0 mode 2
Event: 5.905 Thread 0x0000024ca8287000 DEOPT PACKING pc=0x0000024cac84ef25 sp=0x000000c1612fbb70
Event: 5.905 Thread 0x0000024ca8287000 DEOPT UNPACKING pc=0x0000024cabfa964e sp=0x000000c1612fb090 mode 0
Event: 104.252 Thread 0x0000024ca8287000 DEOPT PACKING pc=0x0000024cac84ef25 sp=0x000000c1612fc700
Event: 104.252 Thread 0x0000024ca8287000 DEOPT UNPACKING pc=0x0000024cabfa964e sp=0x000000c1612fbc20 mode 0
Event: 104.252 Thread 0x0000024ca8287000 Uncommon trap: trap_request=0xffffff45 fr.pc=0x0000024cb3a731f0 relative=0x0000000000000290
Event: 104.252 Thread 0x0000024ca8287000 Uncommon trap: reason=unstable_if action=reinterpret pc=0x0000024cb3a731f0 method=java.util.HashMap$HashIterator.<init>(Ljava/util/HashMap;)V @ 45 c2
Event: 104.252 Thread 0x0000024ca8287000 DEOPT PACKING pc=0x0000024cb3a731f0 sp=0x000000c1612fd960
Event: 104.252 Thread 0x0000024ca8287000 DEOPT UNPACKING pc=0x0000024cabfa912f sp=0x000000c1612fd850 mode 2
Event: 107.963 Thread 0x0000024ca8287000 DEOPT PACKING pc=0x0000024cac9c978b sp=0x000000c1612fcca0
Event: 107.963 Thread 0x0000024ca8287000 DEOPT UNPACKING pc=0x0000024cabfa964e sp=0x000000c1612fc150 mode 0
Event: 141.086 Thread 0x0000024ca8287000 Uncommon trap: trap_request=0xffffff45 fr.pc=0x0000024cb3a6e780 relative=0x00000000000003a0
Event: 141.086 Thread 0x0000024ca8287000 Uncommon trap: reason=unstable_if action=reinterpret pc=0x0000024cb3a6e780 method=java.util.HashMap$HashIterator.<init>(Ljava/util/HashMap;)V @ 45 c2
Event: 141.086 Thread 0x0000024ca8287000 DEOPT PACKING pc=0x0000024cb3a6e780 sp=0x000000c1612fd8b0
Event: 141.086 Thread 0x0000024ca8287000 DEOPT UNPACKING pc=0x0000024cabfa912f sp=0x000000c1612fd868 mode 2

Classes unloaded (0 events):
No events

Classes redefined (0 events):
No events

Internal exceptions (20 events):
Event: 2.582 Thread 0x0000024ca8287000 Exception <a 'java/lang/NoSuchMethodError'{0x00000000827b5d90}: 'float java.lang.invoke.DirectMethodHandle$Holder.invokeVirtual(java.lang.Object, java.lang.Object)'> (0x00000000827b5d90) 
thrown [./open/src/hotspot/share/interpreter/linkResolver.cpp, line 766]
Event: 2.584 Thread 0x0000024ca8287000 Exception <a 'java/lang/NoSuchMethodError'{0x00000000827bd7b0}: 'long java.lang.invoke.DirectMethodHandle$Holder.invokeVirtual(java.lang.Object, java.lang.Object)'> (0x00000000827bd7b0) 
thrown [./open/src/hotspot/share/interpreter/linkResolver.cpp, line 766]
Event: 2.666 Thread 0x0000024ca8287000 Exception <a 'java/lang/NoSuchMethodError'{0x0000000082521478}: 'void java.lang.invoke.DirectMethodHandle$Holder.invokeSpecial(java.lang.Object, java.lang.Object, java.lang.Object, java.lang.Object, java.lang.Object)'> (0x0000000082521478) 
thrown [./open/src/hotspot/share/interpreter/linkResolver.cpp, line 766]
Event: 2.747 Thread 0x0000024ca8287000 Exception <a 'java/lang/NoSuchMethodError'{0x0000000082389748}: 'java.lang.Object java.lang.invoke.Invokers$Holder.invokeExact_MT(java.lang.Object, java.lang.Object, java.lang.Object, java.lang.Object, java.lang.Object, java.lang.Object)'> (0x0000000082389748) 
thrown [./open/src/hotspot/share/interpreter/linkResolver.cpp, line 766]
Event: 2.878 Thread 0x0000024ca8287000 Exception <a 'java/lang/NoSuchMethodError'{0x0000000088d56f10}: 'void java.lang.invoke.DirectMethodHandle$Holder.invokeStatic(java.lang.Object, java.lang.Object, java.lang.Object, java.lang.Object)'> (0x0000000088d56f10) 
thrown [./open/src/hotspot/share/interpreter/linkResolver.cpp, line 766]
Event: 5.891 Thread 0x0000024ca8287000 Exception <a 'java/lang/NoSuchMethodError'{0x0000000088b3eb38}: 'java.lang.Object java.lang.invoke.DirectMethodHandle$Holder.invokeSpecialIFC(java.lang.Object, java.lang.Object, java.lang.Object)'> (0x0000000088b3eb38) 
thrown [./open/src/hotspot/share/interpreter/linkResolver.cpp, line 766]
Event: 5.917 Thread 0x0000024ca8287000 Exception <a 'java/lang/ClassNotFoundException'{0x0000000088bdb260}: sun/util/logging/resources/spi/loggingProvider> (0x0000000088bdb260) 
thrown [./open/src/hotspot/share/classfile/systemDictionary.cpp, line 226]
Event: 63.978 Thread 0x0000024ca8287000 Exception <a 'java/lang/ClassNotFoundException'{0x0000000082f94228}: sun/misc/SharedSecrets> (0x0000000082f94228) 
thrown [./open/src/hotspot/share/classfile/systemDictionary.cpp, line 226]
Event: 63.982 Thread 0x0000024ca8287000 Exception <a 'java/lang/reflect/InvocationTargetException'{0x0000000082fa5270}> (0x0000000082fa5270) 
thrown [./open/src/hotspot/share/runtime/reflection.cpp, line 1188]
Event: 63.994 Thread 0x0000024ca8287000 Exception <a 'java/lang/NoSuchMethodError'{0x0000000082ffe350}: 'void java.lang.invoke.DirectMethodHandle$Holder.invokeVirtual(java.lang.Object, java.lang.Object)'> (0x0000000082ffe350) 
thrown [./open/src/hotspot/share/interpreter/linkResolver.cpp, line 766]
Event: 64.627 Thread 0x0000024cc3e8a000 Exception <a 'java/net/SocketException'{0x0000000082ec16b8}: Socket is not connected: shutdown> (0x0000000082ec16b8) 
thrown [./open/src/hotspot/share/prims/jni.cpp, line 620]
Event: 64.646 Thread 0x0000024ca8287000 Exception <a 'java/net/SocketException'{0x0000000082ea0558}: Socket is not connected: shutdown> (0x0000000082ea0558) 
thrown [./open/src/hotspot/share/prims/jni.cpp, line 620]
Event: 108.846 Thread 0x0000024cc3e8a000 Exception <a 'java/net/SocketException'{0x000000008620d788}: Socket is not connected: shutdown> (0x000000008620d788) 
thrown [./open/src/hotspot/share/prims/jni.cpp, line 620]
Event: 108.858 Thread 0x0000024ca8287000 Exception <a 'java/net/SocketException'{0x00000000863d6ff8}: Socket is not connected: shutdown> (0x00000000863d6ff8) 
thrown [./open/src/hotspot/share/prims/jni.cpp, line 620]
Event: 142.252 Thread 0x0000024cc3e8a000 Exception <a 'java/net/SocketException'{0x00000000862275c8}: Socket is not connected: shutdown> (0x00000000862275c8) 
thrown [./open/src/hotspot/share/prims/jni.cpp, line 620]
Event: 142.265 Thread 0x0000024ca8287000 Exception <a 'java/net/SocketException'{0x0000000085ac1de0}: Socket is not connected: shutdown> (0x0000000085ac1de0) 
thrown [./open/src/hotspot/share/prims/jni.cpp, line 620]
Event: 142.784 Thread 0x0000024cc3e8a000 Exception <a 'java/net/SocketException'{0x00000000862288a8}: Socket is not connected: shutdown> (0x00000000862288a8) 
thrown [./open/src/hotspot/share/prims/jni.cpp, line 620]
Event: 173.935 Thread 0x0000024cc3e8a000 Exception <a 'java/net/SocketException'{0x00000000859ab4e0}: Socket is not connected: shutdown> (0x00000000859ab4e0) 
thrown [./open/src/hotspot/share/prims/jni.cpp, line 620]
Event: 173.949 Thread 0x0000024ca8287000 Exception <a 'java/net/SocketException'{0x000000008518b988}: Socket is not connected: shutdown> (0x000000008518b988) 
thrown [./open/src/hotspot/share/prims/jni.cpp, line 620]
Event: 174.467 Thread 0x0000024cc3e8a000 Exception <a 'java/net/SocketException'{0x00000000859ac7c0}: Socket is not connected: shutdown> (0x00000000859ac7c0) 
thrown [./open/src/hotspot/share/prims/jni.cpp, line 620]

Events (20 events):
Event: 146.746 Executing VM operation: HandshakeOneThread
Event: 146.746 Executing VM operation: HandshakeOneThread done
Event: 146.746 Thread 0x0000024cc3f4c800 Thread exited: 0x0000024cc3f4c800
Event: 173.407 Thread 0x0000024cc2e42800 Thread added: 0x0000024cc2e42800
Event: 173.410 Executing VM operation: HandshakeOneThread
Event: 173.411 Executing VM operation: HandshakeOneThread done
Event: 173.411 Executing VM operation: HandshakeOneThread
Event: 173.411 Executing VM operation: HandshakeOneThread done
Event: 173.411 Thread 0x0000024cc3bf8000 Thread exited: 0x0000024cc3bf8000
Event: 173.411 Thread 0x0000024cc467c800 Thread exited: 0x0000024cc467c800
Event: 173.416 Executing VM operation: HandshakeOneThread
Event: 173.416 Executing VM operation: HandshakeOneThread done
Event: 173.417 Thread 0x0000024cc3cdf000 Thread exited: 0x0000024cc3cdf000
Event: 173.963 Thread 0x0000024cc3cdf000 Thread added: 0x0000024cc3cdf000
Event: 173.963 Executing VM operation: HandshakeOneThread
Event: 173.964 Executing VM operation: HandshakeOneThread done
Event: 173.969 Thread 0x0000024cc3bf8000 Thread added: 0x0000024cc3bf8000
Event: 173.969 Thread 0x0000024cc467c800 Thread added: 0x0000024cc467c800
Event: 175.414 Executing VM operation: HandshakeOneThread
Event: 175.414 Executing VM operation: HandshakeOneThread done


Dynamic libraries:
0x00007ff78ae60000 - 0x00007ff78ae6d000 	C:\Users\rakesh\.p2\pool\plugins\org.eclipse.justj.openjdk.hotspot.jre.full.win32.x86_64_14.0.2.v20200815-0932\jre\bin\java.exe
0x00007ffa81410000 - 0x00007ffa81606000 	C:\Windows\SYSTEM32\ntdll.dll
0x00007ffa7f7a0000 - 0x00007ffa7f85d000 	C:\Windows\System32\KERNEL32.DLL
0x00007ffa7ee60000 - 0x00007ffa7f128000 	C:\Windows\System32\KERNELBASE.dll
0x00007ffa7f380000 - 0x00007ffa7f480000 	C:\Windows\System32\ucrtbase.dll
0x00007ffa77e40000 - 0x00007ffa77e55000 	C:\Users\rakesh\.p2\pool\plugins\org.eclipse.justj.openjdk.hotspot.jre.full.win32.x86_64_14.0.2.v20200815-0932\jre\bin\VCRUNTIME140.dll
0x00007ffa77e20000 - 0x00007ffa77e38000 	C:\Users\rakesh\.p2\pool\plugins\org.eclipse.justj.openjdk.hotspot.jre.full.win32.x86_64_14.0.2.v20200815-0932\jre\bin\jli.dll
0x00007ffa7f910000 - 0x00007ffa7fab0000 	C:\Windows\System32\USER32.dll
0x00007ffa7f210000 - 0x00007ffa7f232000 	C:\Windows\System32\win32u.dll
0x00007ffa80ea0000 - 0x00007ffa80eca000 	C:\Windows\System32\GDI32.dll
0x00007ffa7df80000 - 0x00007ffa7e21b000 	C:\Windows\WinSxS\amd64_microsoft.windows.common-controls_6595b64144ccf1df_6.0.19041.488_none_ca04af081b815d21\COMCTL32.dll
0x00007ffa7f270000 - 0x00007ffa7f379000 	C:\Windows\System32\gdi32full.dll
0x00007ffa81060000 - 0x00007ffa810fe000 	C:\Windows\System32\msvcrt.dll
0x00007ffa7ec10000 - 0x00007ffa7ecad000 	C:\Windows\System32\msvcp_win.dll
0x00007ffa80ed0000 - 0x00007ffa80f00000 	C:\Windows\System32\IMM32.DLL
0x00007ffa52c00000 - 0x00007ffa52c9b000 	C:\Users\rakesh\.p2\pool\plugins\org.eclipse.justj.openjdk.hotspot.jre.full.win32.x86_64_14.0.2.v20200815-0932\jre\bin\msvcp140.dll
0x00007ffa33e80000 - 0x00007ffa3499e000 	C:\Users\rakesh\.p2\pool\plugins\org.eclipse.justj.openjdk.hotspot.jre.full.win32.x86_64_14.0.2.v20200815-0932\jre\bin\server\jvm.dll
0x00007ffa7f860000 - 0x00007ffa7f90a000 	C:\Windows\System32\ADVAPI32.dll
0x00007ffa7ff80000 - 0x00007ffa8001b000 	C:\Windows\System32\sechost.dll
0x00007ffa7f480000 - 0x00007ffa7f5a4000 	C:\Windows\System32\RPCRT4.dll
0x00007ffa7fb10000 - 0x00007ffa7fb18000 	C:\Windows\System32\PSAPI.DLL
0x00007ffa6e5d0000 - 0x00007ffa6e5f7000 	C:\Windows\SYSTEM32\WINMM.dll
0x00007ffa6ba30000 - 0x00007ffa6ba39000 	C:\Windows\SYSTEM32\WSOCK32.dll
0x00007ffa7ff10000 - 0x00007ffa7ff7b000 	C:\Windows\System32\WS2_32.dll
0x00007ffa7b6b0000 - 0x00007ffa7b6ba000 	C:\Windows\SYSTEM32\VERSION.dll
0x00007ffa7bfc0000 - 0x00007ffa7bfd2000 	C:\Windows\SYSTEM32\kernel.appcore.dll
0x00007ffa6ea20000 - 0x00007ffa6ea2a000 	C:\Users\rakesh\.p2\pool\plugins\org.eclipse.justj.openjdk.hotspot.jre.full.win32.x86_64_14.0.2.v20200815-0932\jre\bin\jimage.dll
0x00007ffa7e590000 - 0x00007ffa7e774000 	C:\Windows\SYSTEM32\DBGHELP.DLL
0x00007ffa7e340000 - 0x00007ffa7e36c000 	C:\Windows\SYSTEM32\dbgcore.DLL
0x00007ffa7f130000 - 0x00007ffa7f1af000 	C:\Windows\System32\bcryptPrimitives.dll
0x00007ffa47ad0000 - 0x00007ffa47af5000 	C:\Users\rakesh\.p2\pool\plugins\org.eclipse.justj.openjdk.hotspot.jre.full.win32.x86_64_14.0.2.v20200815-0932\jre\bin\java.dll
0x00007ffa510f0000 - 0x00007ffa51106000 	C:\Users\rakesh\.p2\pool\plugins\org.eclipse.justj.openjdk.hotspot.jre.full.win32.x86_64_14.0.2.v20200815-0932\jre\bin\zip.dll
0x00007ffa80230000 - 0x00007ffa80970000 	C:\Windows\System32\SHELL32.dll
0x00007ffa7bfe0000 - 0x00007ffa7c774000 	C:\Windows\SYSTEM32\windows.storage.dll
0x00007ffa7fb20000 - 0x00007ffa7fe75000 	C:\Windows\System32\combase.dll
0x00007ffa7dee0000 - 0x00007ffa7df0c000 	C:\Windows\SYSTEM32\Wldp.dll
0x00007ffa80970000 - 0x00007ffa80a1e000 	C:\Windows\System32\SHCORE.dll
0x00007ffa7f610000 - 0x00007ffa7f665000 	C:\Windows\System32\shlwapi.dll
0x00007ffa7ea90000 - 0x00007ffa7eab6000 	C:\Windows\SYSTEM32\profapi.dll
0x00007ffa4f0e0000 - 0x00007ffa4f0f9000 	C:\Users\rakesh\.p2\pool\plugins\org.eclipse.justj.openjdk.hotspot.jre.full.win32.x86_64_14.0.2.v20200815-0932\jre\bin\net.dll
0x00007ffa6e0e0000 - 0x00007ffa6e1e0000 	C:\Windows\SYSTEM32\WINHTTP.dll
0x00007ffa7dc50000 - 0x00007ffa7dcba000 	C:\Windows\system32\mswsock.dll
0x00007ffa4b580000 - 0x00007ffa4b592000 	C:\Users\rakesh\.p2\pool\plugins\org.eclipse.justj.openjdk.hotspot.jre.full.win32.x86_64_14.0.2.v20200815-0932\jre\bin\nio.dll
0x00007ffa6e9a0000 - 0x00007ffa6e9b0000 	C:\Users\rakesh\.p2\pool\plugins\org.eclipse.justj.openjdk.hotspot.jre.full.win32.x86_64_14.0.2.v20200815-0932\jre\bin\verify.dll
0x00007ffa6e8c0000 - 0x00007ffa6e8ce000 	C:\Users\rakesh\.p2\pool\plugins\org.eclipse.justj.openjdk.hotspot.jre.full.win32.x86_64_14.0.2.v20200815-0932\jre\bin\sunmscapi.dll
0x00007ffa7ecb0000 - 0x00007ffa7ee0d000 	C:\Windows\System32\CRYPT32.dll
0x00007ffa7df50000 - 0x00007ffa7df77000 	C:\Windows\SYSTEM32\ncrypt.dll
0x00007ffa7df10000 - 0x00007ffa7df4b000 	C:\Windows\SYSTEM32\NTASN1.dll
0x00007ffa6d1d0000 - 0x00007ffa6d1f5000 	C:\Users\rakesh\.p2\pool\plugins\org.eclipse.justj.openjdk.hotspot.jre.full.win32.x86_64_14.0.2.v20200815-0932\jre\bin\sunec.dll
0x00007ffa7e8f0000 - 0x00007ffa7e908000 	C:\Windows\SYSTEM32\CRYPTSP.dll
0x00007ffa7d610000 - 0x00007ffa7d644000 	C:\Windows\system32\rsaenh.dll
0x00007ffa7f240000 - 0x00007ffa7f267000 	C:\Windows\System32\bcrypt.dll
0x00007ffa7ea50000 - 0x00007ffa7ea7e000 	C:\Windows\SYSTEM32\USERENV.dll
0x00007ffa7ded0000 - 0x00007ffa7dedc000 	C:\Windows\SYSTEM32\CRYPTBASE.dll
0x00007ffa7d950000 - 0x00007ffa7d98b000 	C:\Windows\SYSTEM32\IPHLPAPI.DLL
0x00007ffa80a20000 - 0x00007ffa80a29000 	C:\Windows\System32\NSI.dll
0x00007ffa6fbe0000 - 0x00007ffa6fbf7000 	C:\Windows\SYSTEM32\dhcpcsvc6.DLL
0x00007ffa6ffe0000 - 0x00007ffa6fffd000 	C:\Windows\SYSTEM32\dhcpcsvc.DLL
0x00007ffa7d990000 - 0x00007ffa7da5b000 	C:\Windows\SYSTEM32\DNSAPI.dll
0x00007ffa6dae0000 - 0x00007ffa6daea000 	C:\Windows\System32\rasadhlp.dll
0x00007ffa6e2f0000 - 0x00007ffa6e36f000 	C:\Windows\System32\fwpuclnt.dll
0x00007ffa63e20000 - 0x00007ffa63e37000 	C:\Windows\system32\napinsp.dll
0x00007ffa63e00000 - 0x00007ffa63e1b000 	C:\Windows\system32\pnrpnsp.dll
0x00007ffa78810000 - 0x00007ffa78825000 	C:\Windows\system32\wshbth.dll
0x00007ffa78f80000 - 0x00007ffa78f9d000 	C:\Windows\system32\NLAapi.dll
0x00007ffa63de0000 - 0x00007ffa63df2000 	C:\Windows\System32\winrnr.dll

dbghelp: loaded successfully - version: 4.0.5 - missing functions: none
symbol engine: initialized successfully - sym options: 0x614 - pdb path: .;C:\Users\rakesh\.p2\pool\plugins\org.eclipse.justj.openjdk.hotspot.jre.full.win32.x86_64_14.0.2.v20200815-0932\jre\bin;C:\Windows\SYSTEM32;C:\Windows\WinSxS\amd64_microsoft.windows.common-controls_6595b64144ccf1df_6.0.19041.488_none_ca04af081b815d21;C:\Users\rakesh\.p2\pool\plugins\org.eclipse.justj.openjdk.hotspot.jre.full.win32.x86_64_14.0.2.v20200815-0932\jre\bin\server

VM Arguments:
java_command: C:\Users\rakesh\Documents\sun.CNCv3\target\surefire\surefirebooter4204937726259465951.jar C:\Users\rakesh\Documents\sun.CNCv3\target\surefire\surefire7609307734501856320tmp C:\Users\rakesh\Documents\sun.CNCv3\target\surefire\surefire_013913870972880275084tmp
java_class_path (initial): C:\Users\rakesh\Documents\sun.CNCv3\target\surefire\surefirebooter4204937726259465951.jar
Launcher Type: SUN_STANDARD

[Global flags]
     intx CICompilerCount                          = 3                                         {product} {ergonomic}
     uint ConcGCThreads                            = 1                                         {product} {ergonomic}
     uint G1ConcRefinementThreads                  = 4                                         {product} {ergonomic}
   size_t G1HeapRegionSize                         = 1048576                                   {product} {ergonomic}
    uintx GCDrainStackTargetSize                   = 64                                        {product} {ergonomic}
   size_t InitialHeapSize                          = 134217728                                 {product} {ergonomic}
   size_t MarkStackSize                            = 4194304                                   {product} {ergonomic}
   size_t MaxHeapSize                              = 2118123520                                {product} {ergonomic}
   size_t MaxNewSize                               = 1270874112                                {product} {ergonomic}
   size_t MinHeapDeltaBytes                        = 1048576                                   {product} {ergonomic}
   size_t MinHeapSize                              = 8388608                                   {product} {ergonomic}
    uintx NonNMethodCodeHeapSize                   = 5832780                                {pd product} {ergonomic}
    uintx NonProfiledCodeHeapSize                  = 122912730                              {pd product} {ergonomic}
    uintx ProfiledCodeHeapSize                     = 122912730                              {pd product} {ergonomic}
    uintx ReservedCodeCacheSize                    = 251658240                              {pd product} {ergonomic}
     bool SegmentedCodeCache                       = true                                      {product} {ergonomic}
   size_t SoftMaxHeapSize                          = 2118123520                             {manageable} {ergonomic}
     bool UseCompressedClassPointers               = true                                 {lp64_product} {ergonomic}
     bool UseCompressedOops                        = true                                 {lp64_product} {ergonomic}
     bool UseG1GC                                  = true                                      {product} {ergonomic}
     bool UseLargePagesIndividualAllocation        = false                                  {pd product} {ergonomic}

Logging:
Log output configuration:
 #0: stdout all=warning uptime,level,tags
 #1: stderr all=off uptime,level,tags

Environment Variables:
PATH=C:/Users/rakesh/.p2/pool/plugins/org.eclipse.justj.openjdk.hotspot.jre.full.win32.x86_64_14.0.2.v20200815-0932/jre/bin/server;C:/Users/rakesh/.p2/pool/plugins/org.eclipse.justj.openjdk.hotspot.jre.full.win32.x86_64_14.0.2.v20200815-0932/jre/bin;C:\Windows\system32;C:\Windows;C:\Windows\System32\Wbem;C:\Windows\System32\WindowsPowerShell\v1.0\;C:\Windows\System32\OpenSSH\;C:\Users\rakesh\Downloads\apache-maven-3.6.3-bin\apache-maven-3.6.3\bin;C:\Program Files\Java\jdk1.8.0_271\bin;C:\Users\rakesh\AppData\Local\Microsoft\WindowsApps;;C:\Users\rakesh\Desktop;
USERNAME=rakesh
OS=Windows_NT
PROCESSOR_IDENTIFIER=Intel64 Family 6 Model 61 Stepping 4, GenuineIntel



---------------  S Y S T E M  ---------------

OS: Windows 10 , 64 bit Build 19041 (10.0.19041.546)
OS uptime: 2 days 21:21 hours

CPU:total 4 (initial active 4) (2 cores per cpu, 2 threads per core) family 6 model 61 stepping 4, cmov, cx8, fxsr, mmx, sse, sse2, sse3, ssse3, sse4.1, sse4.2, popcnt, avx, avx2, aes, clmul, erms, rtm, 3dnowpref, lzcnt, ht, tsc, tscinvbit, bmi1, bmi2, adx, fma

Memory: 4k page, system-wide physical 8072M (2504M free)
TotalPageFile size 11695M (AvailPageFile size 4361M)
current process WorkingSet (physical memory assigned to process): 133M, peak: 134M
current process commit charge ("private bytes"): 186M, peak: 229M

vm_info: OpenJDK 64-Bit Server VM (14.0.2+12-46) for windows-amd64 JRE (14.0.2+12-46), built on Jul  9 2020 00:31:16 by "mach5one" with MS VC++ 15.9 (VS2017)

END.
